10.3.142.130 - - [30/Oct/2019:18:01:49 +0800] "POST /type/getClassifies.sc HTTP/1.1" 200 8135 "http://10.3.142.130:8088/type" "Mozilla/5.0 (iPhone; CPU iPhone OS 11_0 like Mac OS X) AppleWebKit/604.1.38 (KHTML, like Gecko) Version/11.0 Mobile/15A372 Safari/604.1"
10.3.142.130 - - [30/Oct/2019:18:01:57 +0800] "POST /type/getClassifies.sc HTTP/1.1" 200 8135 "http://10.3.142.130:8088/type" "Mozilla/5.0 (iPhone; CPU iPhone OS 11_0 like Mac OS X) AppleWebKit/604.1.38 (KHTML, like Gecko) Version/11.0 Mobile/15A372 Safari/604.1"
10.3.142.130 - - [30/Oct/2019:18:02:04 +0800] "GET /api/floor/26 HTTP/1.1" 304 0 "http://10.3.142.130:8088/" "Mozilla/5.0 (iPhone; CPU iPhone OS 11_0 like Mac OS X) AppleWebKit/604.1.38 (KHTML, like Gecko) Version/11.0 Mobile/15A372 Safari/604.1"
10.3.142.130 - - [30/Oct/2019:18:02:05 +0800] "POST /type/getClassifies.sc HTTP/1.1" 200 8135 "http://10.3.142.130:8088/type" "Mozilla/5.0 (iPhone; CPU iPhone OS 11_0 like Mac OS X) AppleWebKit/604.1.38 (KHTML, like Gecko) Version/11.0 Mobile/15A372 Safari/604.1"
10.3.142.130 - - [30/Oct/2019:18:28:07 +0800] "GET /js/8.js HTTP/1.1" 304 0 "http://10.3.142.130:8088/type" "Mozilla/5.0 (iPhone; CPU iPhone OS 11_0 like Mac OS X) AppleWebKit/604.1.38 (KHTML, like Gecko) Version/11.0 Mobile/15A372 Safari/604.1"
10.3.142.130 - - [30/Oct/2019:18:28:09 +0800] "GET /api/brand/3c7e2ff562884fc9b498dfa6f76cbbfc/1 HTTP/1.1" 200 3590 "http://10.3.142.130:8088/brand/3c7e2ff562884fc9b498dfa6f76cbbfc/1" "Mozilla/5.0 (iPhone; CPU iPhone OS 11_0 like Mac OS X) AppleWebKit/604.1.38 (KHTML, like Gecko) Version/11.0 Mobile/15A372 Safari/604.1"
127.0.0.1 - - [30/Oct/2019:18:28:31 +0800] "POST /sockjs-node/661/zg1kdku5/xhr_streaming?t=1572429705669 HTTP/1.1" 200 173720 "http://10.3.142.130:8088/" "Mozilla/5.0 (iPhone; CPU iPhone OS 11_0 like Mac OS X) AppleWebKit/604.1.38 (KHTML, like Gecko) Version/11.0 Mobile/15A372 Safari/604.1"
10.3.142.130 - - [30/Oct/2019:18:28:31 +0800] "GET /208c32081c425dfce1de.hot-update.json HTTP/1.1" 200 44 "http://10.3.142.130:8088/brand/3c7e2ff562884fc9b498dfa6f76cbbfc/1" "Mozilla/5.0 (iPhone; CPU iPhone OS 11_0 like Mac OS X) AppleWebKit/604.1.38 (KHTML, like Gecko) Version/11.0 Mobile/15A372 Safari/604.1"
10.3.142.130 - - [30/Oct/2019:18:28:31 +0800] "GET /10.208c32081c425dfce1de.hot-update.js HTTP/1.1" 200 6842 "http://10.3.142.130:8088/brand/3c7e2ff562884fc9b498dfa6f76cbbfc/1" "Mozilla/5.0 (iPhone; CPU iPhone OS 11_0 like Mac OS X) AppleWebKit/604.1.38 (KHTML, like Gecko) Version/11.0 Mobile/15A372 Safari/604.1"
10.3.142.130 - - [30/Oct/2019:18:28:31 +0800] "GET /brand/3c7e2ff562884fc9b498dfa6f76cbbfc/1 HTTP/1.1" 200 2013 "http://10.3.142.130:8088/brand/3c7e2ff562884fc9b498dfa6f76cbbfc/1" "Mozilla/5.0 (iPhone; CPU iPhone OS 11_0 like Mac OS X) AppleWebKit/604.1.38 (KHTML, like Gecko) Version/11.0 Mobile/15A372 Safari/604.1"
127.0.0.1 - - [30/Oct/2019:18:28:31 +0800] "POST /sockjs-node/661/zg1kdku5/xhr_streaming?t=1572431311677 HTTP/1.1" 200 2056 "http://10.3.142.130:8088/brand/3c7e2ff562884fc9b498dfa6f76cbbfc/1" "Mozilla/5.0 (iPhone; CPU iPhone OS 11_0 like Mac OS X) AppleWebKit/604.1.38 (KHTML, like Gecko) Version/11.0 Mobile/15A372 Safari/604.1"
10.3.142.130 - - [30/Oct/2019:18:28:31 +0800] "GET /js/chunk-vendors.js HTTP/1.1" 304 0 "http://10.3.142.130:8088/brand/3c7e2ff562884fc9b498dfa6f76cbbfc/1" "Mozilla/5.0 (iPhone; CPU iPhone OS 11_0 like Mac OS X) AppleWebKit/604.1.38 (KHTML, like Gecko) Version/11.0 Mobile/15A372 Safari/604.1"
10.3.142.130 - - [30/Oct/2019:18:28:31 +0800] "GET /js/0.js HTTP/1.1" 304 0 "http://10.3.142.130:8088/brand/3c7e2ff562884fc9b498dfa6f76cbbfc/1" "Mozilla/5.0 (iPhone; CPU iPhone OS 11_0 like Mac OS X) AppleWebKit/604.1.38 (KHTML, like Gecko) Version/11.0 Mobile/15A372 Safari/604.1"
10.3.142.130 - - [30/Oct/2019:18:28:32 +0800] "GET /10.8ce985d693fd4736818f.hot-update.js HTTP/1.1" 200 23843 "http://10.3.142.130:8088/brand/3c7e2ff562884fc9b498dfa6f76cbbfc/1" "Mozilla/5.0 (iPhone; CPU iPhone OS 11_0 like Mac OS X) AppleWebKit/604.1.38 (KHTML, like Gecko) Version/11.0 Mobile/15A372 Safari/604.1"
10.3.142.130 - - [30/Oct/2019:18:28:32 +0800] "GET /js/1.js HTTP/1.1" 304 0 "http://10.3.142.130:8088/brand/3c7e2ff562884fc9b498dfa6f76cbbfc/1" "Mozilla/5.0 (iPhone; CPU iPhone OS 11_0 like Mac OS X) AppleWebKit/604.1.38 (KHTML, like Gecko) Version/11.0 Mobile/15A372 Safari/604.1"
10.3.142.130 - - [30/Oct/2019:18:28:32 +0800] "GET /js/2.js HTTP/1.1" 304 0 "http://10.3.142.130:8088/brand/3c7e2ff562884fc9b498dfa6f76cbbfc/1" "Mozilla/5.0 (iPhone; CPU iPhone OS 11_0 like Mac OS X) AppleWebKit/604.1.38 (KHTML, like Gecko) Version/11.0 Mobile/15A372 Safari/604.1"
10.3.142.130 - - [30/Oct/2019:18:28:32 +0800] "GET /js/10.js HTTP/1.1" 200 74253 "http://10.3.142.130:8088/brand/3c7e2ff562884fc9b498dfa6f76cbbfc/1" "Mozilla/5.0 (iPhone; CPU iPhone OS 11_0 like Mac OS X) AppleWebKit/604.1.38 (KHTML, like Gecko) Version/11.0 Mobile/15A372 Safari/604.1"
10.3.142.130 - - [30/Oct/2019:18:28:32 +0800] "GET /js/4.js HTTP/1.1" 304 0 "http://10.3.142.130:8088/brand/3c7e2ff562884fc9b498dfa6f76cbbfc/1" "Mozilla/5.0 (iPhone; CPU iPhone OS 11_0 like Mac OS X) AppleWebKit/604.1.38 (KHTML, like Gecko) Version/11.0 Mobile/15A372 Safari/604.1"
10.3.142.130 - - [30/Oct/2019:18:28:32 +0800] "GET /js/3.js HTTP/1.1" 304 0 "http://10.3.142.130:8088/brand/3c7e2ff562884fc9b498dfa6f76cbbfc/1" "Mozilla/5.0 (iPhone; CPU iPhone OS 11_0 like Mac OS X) AppleWebKit/604.1.38 (KHTML, like Gecko) Version/11.0 Mobile/15A372 Safari/604.1"
10.3.142.130 - - [30/Oct/2019:18:28:32 +0800] "GET /js/6.js HTTP/1.1" 304 0 "http://10.3.142.130:8088/brand/3c7e2ff562884fc9b498dfa6f76cbbfc/1" "Mozilla/5.0 (iPhone; CPU iPhone OS 11_0 like Mac OS X) AppleWebKit/604.1.38 (KHTML, like Gecko) Version/11.0 Mobile/15A372 Safari/604.1"
10.3.142.130 - - [30/Oct/2019:18:28:32 +0800] "GET /js/5.js HTTP/1.1" 304 0 "http://10.3.142.130:8088/brand/3c7e2ff562884fc9b498dfa6f76cbbfc/1" "Mozilla/5.0 (iPhone; CPU iPhone OS 11_0 like Mac OS X) AppleWebKit/604.1.38 (KHTML, like Gecko) Version/11.0 Mobile/15A372 Safari/604.1"
10.3.142.130 - - [30/Oct/2019:18:28:32 +0800] "GET /js/7.js HTTP/1.1" 304 0 "http://10.3.142.130:8088/brand/3c7e2ff562884fc9b498dfa6f76cbbfc/1" "Mozilla/5.0 (iPhone; CPU iPhone OS 11_0 like Mac OS X) AppleWebKit/604.1.38 (KHTML, like Gecko) Version/11.0 Mobile/15A372 Safari/604.1"
10.3.142.130 - - [30/Oct/2019:18:28:32 +0800] "GET /js/8.js HTTP/1.1" 304 0 "http://10.3.142.130:8088/brand/3c7e2ff562884fc9b498dfa6f76cbbfc/1" "Mozilla/5.0 (iPhone; CPU iPhone OS 11_0 like Mac OS X) AppleWebKit/604.1.38 (KHTML, like Gecko) Version/11.0 Mobile/15A372 Safari/604.1"
10.3.142.130 - - [30/Oct/2019:18:28:32 +0800] "GET /js/9.js HTTP/1.1" 304 0 "http://10.3.142.130:8088/brand/3c7e2ff562884fc9b498dfa6f76cbbfc/1" "Mozilla/5.0 (iPhone; CPU iPhone OS 11_0 like Mac OS X) AppleWebKit/604.1.38 (KHTML, like Gecko) Version/11.0 Mobile/15A372 Safari/604.1"
10.3.142.130 - - [30/Oct/2019:18:28:32 +0800] "GET /js/app.js HTTP/1.1" 200 1978789 "http://10.3.142.130:8088/brand/3c7e2ff562884fc9b498dfa6f76cbbfc/1" "Mozilla/5.0 (iPhone; CPU iPhone OS 11_0 like Mac OS X) AppleWebKit/604.1.38 (KHTML, like Gecko) Version/11.0 Mobile/15A372 Safari/604.1"
127.0.0.1 - - [30/Oct/2019:18:28:33 +0800] "GET /sockjs-node/info?t=1572431312923 HTTP/1.1" 200 90 "http://10.3.142.130:8088/brand/3c7e2ff562884fc9b498dfa6f76cbbfc/1" "Mozilla/5.0 (iPhone; CPU iPhone OS 11_0 like Mac OS X) AppleWebKit/604.1.38 (KHTML, like Gecko) Version/11.0 Mobile/15A372 Safari/604.1"
127.0.0.1 - - [30/Oct/2019:18:28:33 +0800] "GET /sockjs-node/079/ap141dug/websocket HTTP/1.1" 400 40 "-" "Mozilla/5.0 (iPhone; CPU iPhone OS 11_0 like Mac OS X) AppleWebKit/604.1.38 (KHTML, like Gecko) Version/11.0 Mobile/15A372 Safari/604.1"
127.0.0.1 - - [30/Oct/2019:18:28:33 +0800] "POST /sockjs-node/079/sr1n3rvj/xhr_streaming?t=1572431313707 HTTP/1.1" 200 169870 "http://10.3.142.130:8088/brand/3c7e2ff562884fc9b498dfa6f76cbbfc/1" "Mozilla/5.0 (iPhone; CPU iPhone OS 11_0 like Mac OS X) AppleWebKit/604.1.38 (KHTML, like Gecko) Version/11.0 Mobile/15A372 Safari/604.1"
10.3.142.130 - - [30/Oct/2019:18:28:35 +0800] "GET /api/brand/3c7e2ff562884fc9b498dfa6f76cbbfc/1 HTTP/1.1" 304 0 "http://10.3.142.130:8088/brand/3c7e2ff562884fc9b498dfa6f76cbbfc/1" "Mozilla/5.0 (iPhone; CPU iPhone OS 11_0 like Mac OS X) AppleWebKit/604.1.38 (KHTML, like Gecko) Version/11.0 Mobile/15A372 Safari/604.1"
10.3.142.130 - - [30/Oct/2019:18:28:36 +0800] "GET /images/card-recommend.png HTTP/1.1" 200 2013 "http://10.3.142.130:8088/cart" "Mozilla/5.0 (iPhone; CPU iPhone OS 11_0 like Mac OS X) AppleWebKit/604.1.38 (KHTML, like Gecko) Version/11.0 Mobile/15A372 Safari/604.1"
10.3.142.130 - - [30/Oct/2019:18:28:59 +0800] "POST /type/getClassifies.sc HTTP/1.1" 200 8135 "http://10.3.142.130:8088/type" "Mozilla/5.0 (iPhone; CPU iPhone OS 11_0 like Mac OS X) AppleWebKit/604.1.38 (KHTML, like Gecko) Version/11.0 Mobile/15A372 Safari/604.1"
10.3.142.130 - - [30/Oct/2019:18:29:00 +0800] "GET /api/brand/3c7e2ff562884fc9b498dfa6f76cbbfc/1 HTTP/1.1" 304 0 "http://10.3.142.130:8088/brand/3c7e2ff562884fc9b498dfa6f76cbbfc/1" "Mozilla/5.0 (iPhone; CPU iPhone OS 11_0 like Mac OS X) AppleWebKit/604.1.38 (KHTML, like Gecko) Version/11.0 Mobile/15A372 Safari/604.1"
10.3.142.130 - - [30/Oct/2019:18:29:03 +0800] "GET /api/floor/26 HTTP/1.1" 304 0 "http://10.3.142.130:8088/" "Mozilla/5.0 (iPhone; CPU iPhone OS 11_0 like Mac OS X) AppleWebKit/604.1.38 (KHTML, like Gecko) Version/11.0 Mobile/15A372 Safari/604.1"
10.3.142.130 - - [30/Oct/2019:18:29:12 +0800] "GET /api/floor/26 HTTP/1.1" 304 0 "http://10.3.142.130:8088/" "Mozilla/5.0 (iPhone; CPU iPhone OS 11_0 like Mac OS X) AppleWebKit/604.1.38 (KHTML, like Gecko) Version/11.0 Mobile/15A372 Safari/604.1"
10.3.142.130 - - [30/Oct/2019:18:29:17 +0800] "GET /images/card-recommend.png HTTP/1.1" 304 0 "http://10.3.142.130:8088/cart" "Mozilla/5.0 (iPhone; CPU iPhone OS 11_0 like Mac OS X) AppleWebKit/604.1.38 (KHTML, like Gecko) Version/11.0 Mobile/15A372 Safari/604.1"
10.3.142.130 - - [30/Oct/2019:18:29:34 +0800] "GET /cart HTTP/1.1" 200 2013 "http://10.3.142.130:8088/brand/3c7e2ff562884fc9b498dfa6f76cbbfc/1" "Mozilla/5.0 (iPhone; CPU iPhone OS 11_0 like Mac OS X) AppleWebKit/604.1.38 (KHTML, like Gecko) Version/11.0 Mobile/15A372 Safari/604.1"
127.0.0.1 - - [30/Oct/2019:18:29:34 +0800] "POST /sockjs-node/079/sr1n3rvj/xhr_streaming?t=1572431313732 HTTP/1.1" 200 2070 "http://10.3.142.130:8088/brand/3c7e2ff562884fc9b498dfa6f76cbbfc/1" "Mozilla/5.0 (iPhone; CPU iPhone OS 11_0 like Mac OS X) AppleWebKit/604.1.38 (KHTML, like Gecko) Version/11.0 Mobile/15A372 Safari/604.1"
10.3.142.130 - - [30/Oct/2019:18:29:34 +0800] "GET /js/app.js HTTP/1.1" 304 0 "http://10.3.142.130:8088/cart" "Mozilla/5.0 (iPhone; CPU iPhone OS 11_0 like Mac OS X) AppleWebKit/604.1.38 (KHTML, like Gecko) Version/11.0 Mobile/15A372 Safari/604.1"
10.3.142.130 - - [30/Oct/2019:18:29:34 +0800] "GET /js/chunk-vendors.js HTTP/1.1" 304 0 "http://10.3.142.130:8088/cart" "Mozilla/5.0 (iPhone; CPU iPhone OS 11_0 like Mac OS X) AppleWebKit/604.1.38 (KHTML, like Gecko) Version/11.0 Mobile/15A372 Safari/604.1"
10.3.142.130 - - [30/Oct/2019:18:29:34 +0800] "GET /10.8ce985d693fd4736818f.hot-update.js HTTP/1.1" 304 0 "http://10.3.142.130:8088/cart" "Mozilla/5.0 (iPhone; CPU iPhone OS 11_0 like Mac OS X) AppleWebKit/604.1.38 (KHTML, like Gecko) Version/11.0 Mobile/15A372 Safari/604.1"
10.3.142.130 - - [30/Oct/2019:18:29:34 +0800] "GET /js/0.js HTTP/1.1" 304 0 "http://10.3.142.130:8088/cart" "Mozilla/5.0 (iPhone; CPU iPhone OS 11_0 like Mac OS X) AppleWebKit/604.1.38 (KHTML, like Gecko) Version/11.0 Mobile/15A372 Safari/604.1"
10.3.142.130 - - [30/Oct/2019:18:29:34 +0800] "GET /js/2.js HTTP/1.1" 304 0 "http://10.3.142.130:8088/cart" "Mozilla/5.0 (iPhone; CPU iPhone OS 11_0 like Mac OS X) AppleWebKit/604.1.38 (KHTML, like Gecko) Version/11.0 Mobile/15A372 Safari/604.1"
10.3.142.130 - - [30/Oct/2019:18:29:34 +0800] "GET /js/1.js HTTP/1.1" 304 0 "http://10.3.142.130:8088/cart" "Mozilla/5.0 (iPhone; CPU iPhone OS 11_0 like Mac OS X) AppleWebKit/604.1.38 (KHTML, like Gecko) Version/11.0 Mobile/15A372 Safari/604.1"
10.3.142.130 - - [30/Oct/2019:18:29:34 +0800] "GET /js/10.js HTTP/1.1" 304 0 "http://10.3.142.130:8088/cart" "Mozilla/5.0 (iPhone; CPU iPhone OS 11_0 like Mac OS X) AppleWebKit/604.1.38 (KHTML, like Gecko) Version/11.0 Mobile/15A372 Safari/604.1"
10.3.142.130 - - [30/Oct/2019:18:29:34 +0800] "GET /js/3.js HTTP/1.1" 304 0 "http://10.3.142.130:8088/cart" "Mozilla/5.0 (iPhone; CPU iPhone OS 11_0 like Mac OS X) AppleWebKit/604.1.38 (KHTML, like Gecko) Version/11.0 Mobile/15A372 Safari/604.1"
10.3.142.130 - - [30/Oct/2019:18:29:34 +0800] "GET /js/4.js HTTP/1.1" 304 0 "http://10.3.142.130:8088/cart" "Mozilla/5.0 (iPhone; CPU iPhone OS 11_0 like Mac OS X) AppleWebKit/604.1.38 (KHTML, like Gecko) Version/11.0 Mobile/15A372 Safari/604.1"
10.3.142.130 - - [30/Oct/2019:18:29:34 +0800] "GET /js/8.js HTTP/1.1" 304 0 "http://10.3.142.130:8088/cart" "Mozilla/5.0 (iPhone; CPU iPhone OS 11_0 like Mac OS X) AppleWebKit/604.1.38 (KHTML, like Gecko) Version/11.0 Mobile/15A372 Safari/604.1"
10.3.142.130 - - [30/Oct/2019:18:29:34 +0800] "GET /js/5.js HTTP/1.1" 304 0 "http://10.3.142.130:8088/cart" "Mozilla/5.0 (iPhone; CPU iPhone OS 11_0 like Mac OS X) AppleWebKit/604.1.38 (KHTML, like Gecko) Version/11.0 Mobile/15A372 Safari/604.1"
10.3.142.130 - - [30/Oct/2019:18:29:34 +0800] "GET /js/6.js HTTP/1.1" 304 0 "http://10.3.142.130:8088/cart" "Mozilla/5.0 (iPhone; CPU iPhone OS 11_0 like Mac OS X) AppleWebKit/604.1.38 (KHTML, like Gecko) Version/11.0 Mobile/15A372 Safari/604.1"
10.3.142.130 - - [30/Oct/2019:18:29:34 +0800] "GET /js/7.js HTTP/1.1" 304 0 "http://10.3.142.130:8088/cart" "Mozilla/5.0 (iPhone; CPU iPhone OS 11_0 like Mac OS X) AppleWebKit/604.1.38 (KHTML, like Gecko) Version/11.0 Mobile/15A372 Safari/604.1"
10.3.142.130 - - [30/Oct/2019:18:29:34 +0800] "GET /js/9.js HTTP/1.1" 304 0 "http://10.3.142.130:8088/cart" "Mozilla/5.0 (iPhone; CPU iPhone OS 11_0 like Mac OS X) AppleWebKit/604.1.38 (KHTML, like Gecko) Version/11.0 Mobile/15A372 Safari/604.1"
10.3.142.130 - - [30/Oct/2019:18:29:35 +0800] "GET /images/card-recommend.png HTTP/1.1" 304 0 "http://10.3.142.130:8088/cart" "Mozilla/5.0 (iPhone; CPU iPhone OS 11_0 like Mac OS X) AppleWebKit/604.1.38 (KHTML, like Gecko) Version/11.0 Mobile/15A372 Safari/604.1"
10.3.142.130 - - [30/Oct/2019:18:29:35 +0800] "GET /img/icons/favicon-32x32.png HTTP/1.1" 200 1271 "http://10.3.142.130:8088/cart" "Mozilla/5.0 (iPhone; CPU iPhone OS 11_0 like Mac OS X) AppleWebKit/604.1.38 (KHTML, like Gecko) Version/11.0 Mobile/15A372 Safari/604.1"
127.0.0.1 - - [30/Oct/2019:18:29:35 +0800] "GET /sockjs-node/info?t=1572431375167 HTTP/1.1" 200 90 "http://10.3.142.130:8088/cart" "Mozilla/5.0 (iPhone; CPU iPhone OS 11_0 like Mac OS X) AppleWebKit/604.1.38 (KHTML, like Gecko) Version/11.0 Mobile/15A372 Safari/604.1"
127.0.0.1 - - [30/Oct/2019:18:29:35 +0800] "GET /sockjs-node/192/qhed3aq4/websocket HTTP/1.1" 400 40 "-" "Mozilla/5.0 (iPhone; CPU iPhone OS 11_0 like Mac OS X) AppleWebKit/604.1.38 (KHTML, like Gecko) Version/11.0 Mobile/15A372 Safari/604.1"
127.0.0.1 - - [30/Oct/2019:18:29:35 +0800] "POST /sockjs-node/192/gdwndl0l/xhr_streaming?t=1572431375843 HTTP/1.1" 200 169831 "http://10.3.142.130:8088/cart" "Mozilla/5.0 (iPhone; CPU iPhone OS 11_0 like Mac OS X) AppleWebKit/604.1.38 (KHTML, like Gecko) Version/11.0 Mobile/15A372 Safari/604.1"
10.3.142.130 - - [30/Oct/2019:18:29:58 +0800] "GET /cart HTTP/1.1" 304 0 "http://10.3.142.130:8088/brand/3c7e2ff562884fc9b498dfa6f76cbbfc/1" "Mozilla/5.0 (iPhone; CPU iPhone OS 11_0 like Mac OS X) AppleWebKit/604.1.38 (KHTML, like Gecko) Version/11.0 Mobile/15A372 Safari/604.1"
127.0.0.1 - - [30/Oct/2019:18:29:58 +0800] "POST /sockjs-node/192/gdwndl0l/xhr_streaming?t=1572431375897 HTTP/1.1" 200 2056 "http://10.3.142.130:8088/cart" "Mozilla/5.0 (iPhone; CPU iPhone OS 11_0 like Mac OS X) AppleWebKit/604.1.38 (KHTML, like Gecko) Version/11.0 Mobile/15A372 Safari/604.1"
10.3.142.130 - - [30/Oct/2019:18:29:59 +0800] "GET /js/app.js HTTP/1.1" 304 0 "http://10.3.142.130:8088/cart" "Mozilla/5.0 (iPhone; CPU iPhone OS 11_0 like Mac OS X) AppleWebKit/604.1.38 (KHTML, like Gecko) Version/11.0 Mobile/15A372 Safari/604.1"
10.3.142.130 - - [30/Oct/2019:18:29:59 +0800] "GET /js/chunk-vendors.js HTTP/1.1" 304 0 "http://10.3.142.130:8088/cart" "Mozilla/5.0 (iPhone; CPU iPhone OS 11_0 like Mac OS X) AppleWebKit/604.1.38 (KHTML, like Gecko) Version/11.0 Mobile/15A372 Safari/604.1"
10.3.142.130 - - [30/Oct/2019:18:29:59 +0800] "GET /10.8ce985d693fd4736818f.hot-update.js HTTP/1.1" 304 0 "http://10.3.142.130:8088/cart" "Mozilla/5.0 (iPhone; CPU iPhone OS 11_0 like Mac OS X) AppleWebKit/604.1.38 (KHTML, like Gecko) Version/11.0 Mobile/15A372 Safari/604.1"
10.3.142.130 - - [30/Oct/2019:18:29:59 +0800] "GET /js/0.js HTTP/1.1" 304 0 "http://10.3.142.130:8088/cart" "Mozilla/5.0 (iPhone; CPU iPhone OS 11_0 like Mac OS X) AppleWebKit/604.1.38 (KHTML, like Gecko) Version/11.0 Mobile/15A372 Safari/604.1"
10.3.142.130 - - [30/Oct/2019:18:29:59 +0800] "GET /js/1.js HTTP/1.1" 304 0 "http://10.3.142.130:8088/cart" "Mozilla/5.0 (iPhone; CPU iPhone OS 11_0 like Mac OS X) AppleWebKit/604.1.38 (KHTML, like Gecko) Version/11.0 Mobile/15A372 Safari/604.1"
10.3.142.130 - - [30/Oct/2019:18:29:59 +0800] "GET /js/10.js HTTP/1.1" 304 0 "http://10.3.142.130:8088/cart" "Mozilla/5.0 (iPhone; CPU iPhone OS 11_0 like Mac OS X) AppleWebKit/604.1.38 (KHTML, like Gecko) Version/11.0 Mobile/15A372 Safari/604.1"
10.3.142.130 - - [30/Oct/2019:18:29:59 +0800] "GET /js/2.js HTTP/1.1" 304 0 "http://10.3.142.130:8088/cart" "Mozilla/5.0 (iPhone; CPU iPhone OS 11_0 like Mac OS X) AppleWebKit/604.1.38 (KHTML, like Gecko) Version/11.0 Mobile/15A372 Safari/604.1"
10.3.142.130 - - [30/Oct/2019:18:29:59 +0800] "GET /js/5.js HTTP/1.1" 304 0 "http://10.3.142.130:8088/cart" "Mozilla/5.0 (iPhone; CPU iPhone OS 11_0 like Mac OS X) AppleWebKit/604.1.38 (KHTML, like Gecko) Version/11.0 Mobile/15A372 Safari/604.1"
10.3.142.130 - - [30/Oct/2019:18:29:59 +0800] "GET /js/4.js HTTP/1.1" 304 0 "http://10.3.142.130:8088/cart" "Mozilla/5.0 (iPhone; CPU iPhone OS 11_0 like Mac OS X) AppleWebKit/604.1.38 (KHTML, like Gecko) Version/11.0 Mobile/15A372 Safari/604.1"
10.3.142.130 - - [30/Oct/2019:18:29:59 +0800] "GET /js/3.js HTTP/1.1" 304 0 "http://10.3.142.130:8088/cart" "Mozilla/5.0 (iPhone; CPU iPhone OS 11_0 like Mac OS X) AppleWebKit/604.1.38 (KHTML, like Gecko) Version/11.0 Mobile/15A372 Safari/604.1"
10.3.142.130 - - [30/Oct/2019:18:29:59 +0800] "GET /js/6.js HTTP/1.1" 304 0 "http://10.3.142.130:8088/cart" "Mozilla/5.0 (iPhone; CPU iPhone OS 11_0 like Mac OS X) AppleWebKit/604.1.38 (KHTML, like Gecko) Version/11.0 Mobile/15A372 Safari/604.1"
10.3.142.130 - - [30/Oct/2019:18:29:59 +0800] "GET /js/7.js HTTP/1.1" 304 0 "http://10.3.142.130:8088/cart" "Mozilla/5.0 (iPhone; CPU iPhone OS 11_0 like Mac OS X) AppleWebKit/604.1.38 (KHTML, like Gecko) Version/11.0 Mobile/15A372 Safari/604.1"
10.3.142.130 - - [30/Oct/2019:18:29:59 +0800] "GET /js/9.js HTTP/1.1" 304 0 "http://10.3.142.130:8088/cart" "Mozilla/5.0 (iPhone; CPU iPhone OS 11_0 like Mac OS X) AppleWebKit/604.1.38 (KHTML, like Gecko) Version/11.0 Mobile/15A372 Safari/604.1"
10.3.142.130 - - [30/Oct/2019:18:29:59 +0800] "GET /js/8.js HTTP/1.1" 304 0 "http://10.3.142.130:8088/cart" "Mozilla/5.0 (iPhone; CPU iPhone OS 11_0 like Mac OS X) AppleWebKit/604.1.38 (KHTML, like Gecko) Version/11.0 Mobile/15A372 Safari/604.1"
10.3.142.130 - - [30/Oct/2019:18:29:59 +0800] "GET /images/card-recommend.png HTTP/1.1" 304 0 "http://10.3.142.130:8088/cart" "Mozilla/5.0 (iPhone; CPU iPhone OS 11_0 like Mac OS X) AppleWebKit/604.1.38 (KHTML, like Gecko) Version/11.0 Mobile/15A372 Safari/604.1"
10.3.142.130 - - [30/Oct/2019:18:29:59 +0800] "GET /img/icons/favicon-32x32.png HTTP/1.1" 200 1271 "http://10.3.142.130:8088/cart" "Mozilla/5.0 (iPhone; CPU iPhone OS 11_0 like Mac OS X) AppleWebKit/604.1.38 (KHTML, like Gecko) Version/11.0 Mobile/15A372 Safari/604.1"
127.0.0.1 - - [30/Oct/2019:18:30:00 +0800] "GET /sockjs-node/info?t=1572431399701 HTTP/1.1" 200 90 "http://10.3.142.130:8088/cart" "Mozilla/5.0 (iPhone; CPU iPhone OS 11_0 like Mac OS X) AppleWebKit/604.1.38 (KHTML, like Gecko) Version/11.0 Mobile/15A372 Safari/604.1"
127.0.0.1 - - [30/Oct/2019:18:30:00 +0800] "GET /sockjs-node/532/wbk3yamm/websocket HTTP/1.1" 400 40 "-" "Mozilla/5.0 (iPhone; CPU iPhone OS 11_0 like Mac OS X) AppleWebKit/604.1.38 (KHTML, like Gecko) Version/11.0 Mobile/15A372 Safari/604.1"
127.0.0.1 - - [30/Oct/2019:18:30:00 +0800] "POST /sockjs-node/532/22vfshmv/xhr_streaming?t=1572431400481 HTTP/1.1" 200 169807 "http://10.3.142.130:8088/cart" "Mozilla/5.0 (iPhone; CPU iPhone OS 11_0 like Mac OS X) AppleWebKit/604.1.38 (KHTML, like Gecko) Version/11.0 Mobile/15A372 Safari/604.1"
10.3.142.130 - - [30/Oct/2019:18:30:22 +0800] "GET /cart HTTP/1.1" 304 0 "http://10.3.142.130:8088/brand/3c7e2ff562884fc9b498dfa6f76cbbfc/1" "Mozilla/5.0 (iPhone; CPU iPhone OS 11_0 like Mac OS X) AppleWebKit/604.1.38 (KHTML, like Gecko) Version/11.0 Mobile/15A372 Safari/604.1"
127.0.0.1 - - [30/Oct/2019:18:30:22 +0800] "POST /sockjs-node/532/22vfshmv/xhr_streaming?t=1572431400824 HTTP/1.1" 200 2056 "http://10.3.142.130:8088/cart" "Mozilla/5.0 (iPhone; CPU iPhone OS 11_0 like Mac OS X) AppleWebKit/604.1.38 (KHTML, like Gecko) Version/11.0 Mobile/15A372 Safari/604.1"
10.3.142.130 - - [30/Oct/2019:18:30:22 +0800] "GET /js/app.js HTTP/1.1" 304 0 "http://10.3.142.130:8088/cart" "Mozilla/5.0 (iPhone; CPU iPhone OS 11_0 like Mac OS X) AppleWebKit/604.1.38 (KHTML, like Gecko) Version/11.0 Mobile/15A372 Safari/604.1"
10.3.142.130 - - [30/Oct/2019:18:30:22 +0800] "GET /js/chunk-vendors.js HTTP/1.1" 304 0 "http://10.3.142.130:8088/cart" "Mozilla/5.0 (iPhone; CPU iPhone OS 11_0 like Mac OS X) AppleWebKit/604.1.38 (KHTML, like Gecko) Version/11.0 Mobile/15A372 Safari/604.1"
10.3.142.130 - - [30/Oct/2019:18:30:22 +0800] "GET /10.8ce985d693fd4736818f.hot-update.js HTTP/1.1" 304 0 "http://10.3.142.130:8088/cart" "Mozilla/5.0 (iPhone; CPU iPhone OS 11_0 like Mac OS X) AppleWebKit/604.1.38 (KHTML, like Gecko) Version/11.0 Mobile/15A372 Safari/604.1"
10.3.142.130 - - [30/Oct/2019:18:30:22 +0800] "GET /js/0.js HTTP/1.1" 304 0 "http://10.3.142.130:8088/cart" "Mozilla/5.0 (iPhone; CPU iPhone OS 11_0 like Mac OS X) AppleWebKit/604.1.38 (KHTML, like Gecko) Version/11.0 Mobile/15A372 Safari/604.1"
10.3.142.130 - - [30/Oct/2019:18:30:22 +0800] "GET /js/1.js HTTP/1.1" 304 0 "http://10.3.142.130:8088/cart" "Mozilla/5.0 (iPhone; CPU iPhone OS 11_0 like Mac OS X) AppleWebKit/604.1.38 (KHTML, like Gecko) Version/11.0 Mobile/15A372 Safari/604.1"
10.3.142.130 - - [30/Oct/2019:18:30:22 +0800] "GET /js/2.js HTTP/1.1" 304 0 "http://10.3.142.130:8088/cart" "Mozilla/5.0 (iPhone; CPU iPhone OS 11_0 like Mac OS X) AppleWebKit/604.1.38 (KHTML, like Gecko) Version/11.0 Mobile/15A372 Safari/604.1"
10.3.142.130 - - [30/Oct/2019:18:30:23 +0800] "GET /js/10.js HTTP/1.1" 304 0 "http://10.3.142.130:8088/cart" "Mozilla/5.0 (iPhone; CPU iPhone OS 11_0 like Mac OS X) AppleWebKit/604.1.38 (KHTML, like Gecko) Version/11.0 Mobile/15A372 Safari/604.1"
10.3.142.130 - - [30/Oct/2019:18:30:23 +0800] "GET /js/3.js HTTP/1.1" 304 0 "http://10.3.142.130:8088/cart" "Mozilla/5.0 (iPhone; CPU iPhone OS 11_0 like Mac OS X) AppleWebKit/604.1.38 (KHTML, like Gecko) Version/11.0 Mobile/15A372 Safari/604.1"
10.3.142.130 - - [30/Oct/2019:18:30:23 +0800] "GET /js/4.js HTTP/1.1" 304 0 "http://10.3.142.130:8088/cart" "Mozilla/5.0 (iPhone; CPU iPhone OS 11_0 like Mac OS X) AppleWebKit/604.1.38 (KHTML, like Gecko) Version/11.0 Mobile/15A372 Safari/604.1"
10.3.142.130 - - [30/Oct/2019:18:30:23 +0800] "GET /js/6.js HTTP/1.1" 304 0 "http://10.3.142.130:8088/cart" "Mozilla/5.0 (iPhone; CPU iPhone OS 11_0 like Mac OS X) AppleWebKit/604.1.38 (KHTML, like Gecko) Version/11.0 Mobile/15A372 Safari/604.1"
10.3.142.130 - - [30/Oct/2019:18:30:23 +0800] "GET /js/5.js HTTP/1.1" 304 0 "http://10.3.142.130:8088/cart" "Mozilla/5.0 (iPhone; CPU iPhone OS 11_0 like Mac OS X) AppleWebKit/604.1.38 (KHTML, like Gecko) Version/11.0 Mobile/15A372 Safari/604.1"
10.3.142.130 - - [30/Oct/2019:18:30:23 +0800] "GET /js/7.js HTTP/1.1" 304 0 "http://10.3.142.130:8088/cart" "Mozilla/5.0 (iPhone; CPU iPhone OS 11_0 like Mac OS X) AppleWebKit/604.1.38 (KHTML, like Gecko) Version/11.0 Mobile/15A372 Safari/604.1"
10.3.142.130 - - [30/Oct/2019:18:30:23 +0800] "GET /js/8.js HTTP/1.1" 304 0 "http://10.3.142.130:8088/cart" "Mozilla/5.0 (iPhone; CPU iPhone OS 11_0 like Mac OS X) AppleWebKit/604.1.38 (KHTML, like Gecko) Version/11.0 Mobile/15A372 Safari/604.1"
10.3.142.130 - - [30/Oct/2019:18:30:23 +0800] "GET /js/9.js HTTP/1.1" 304 0 "http://10.3.142.130:8088/cart" "Mozilla/5.0 (iPhone; CPU iPhone OS 11_0 like Mac OS X) AppleWebKit/604.1.38 (KHTML, like Gecko) Version/11.0 Mobile/15A372 Safari/604.1"
10.3.142.130 - - [30/Oct/2019:18:30:23 +0800] "GET /images/card-recommend.png HTTP/1.1" 304 0 "http://10.3.142.130:8088/cart" "Mozilla/5.0 (iPhone; CPU iPhone OS 11_0 like Mac OS X) AppleWebKit/604.1.38 (KHTML, like Gecko) Version/11.0 Mobile/15A372 Safari/604.1"
10.3.142.130 - - [30/Oct/2019:18:30:23 +0800] "GET /img/icons/favicon-32x32.png HTTP/1.1" 200 1271 "http://10.3.142.130:8088/cart" "Mozilla/5.0 (iPhone; CPU iPhone OS 11_0 like Mac OS X) AppleWebKit/604.1.38 (KHTML, like Gecko) Version/11.0 Mobile/15A372 Safari/604.1"
127.0.0.1 - - [30/Oct/2019:18:30:23 +0800] "GET /sockjs-node/info?t=1572431423589 HTTP/1.1" 200 89 "http://10.3.142.130:8088/cart" "Mozilla/5.0 (iPhone; CPU iPhone OS 11_0 like Mac OS X) AppleWebKit/604.1.38 (KHTML, like Gecko) Version/11.0 Mobile/15A372 Safari/604.1"
127.0.0.1 - - [30/Oct/2019:18:30:24 +0800] "GET /sockjs-node/178/o44v2ljz/websocket HTTP/1.1" 400 40 "-" "Mozilla/5.0 (iPhone; CPU iPhone OS 11_0 like Mac OS X) AppleWebKit/604.1.38 (KHTML, like Gecko) Version/11.0 Mobile/15A372 Safari/604.1"
127.0.0.1 - - [30/Oct/2019:18:30:24 +0800] "POST /sockjs-node/178/w03iovfw/xhr_streaming?t=1572431424336 HTTP/1.1" 200 169807 "http://10.3.142.130:8088/cart" "Mozilla/5.0 (iPhone; CPU iPhone OS 11_0 like Mac OS X) AppleWebKit/604.1.38 (KHTML, like Gecko) Version/11.0 Mobile/15A372 Safari/604.1"
127.0.0.1 - - [30/Oct/2019:18:31:18 +0800] "POST /sockjs-node/178/w03iovfw/xhr_streaming?t=1572431424373 HTTP/1.1" 200 169708 "http://10.3.142.130:8088/cart" "Mozilla/5.0 (iPhone; CPU iPhone OS 11_0 like Mac OS X) AppleWebKit/604.1.38 (KHTML, like Gecko) Version/11.0 Mobile/15A372 Safari/604.1"
10.3.142.130 - - [30/Oct/2019:18:31:18 +0800] "GET /91ef08542df1184d8497.hot-update.json HTTP/1.1" 200 45 "http://10.3.142.130:8088/cart" "Mozilla/5.0 (iPhone; CPU iPhone OS 11_0 like Mac OS X) AppleWebKit/604.1.38 (KHTML, like Gecko) Version/11.0 Mobile/15A372 Safari/604.1"
10.3.142.130 - - [30/Oct/2019:18:31:18 +0800] "GET /app.91ef08542df1184d8497.hot-update.js HTTP/1.1" 200 58859 "http://10.3.142.130:8088/cart" "Mozilla/5.0 (iPhone; CPU iPhone OS 11_0 like Mac OS X) AppleWebKit/604.1.38 (KHTML, like Gecko) Version/11.0 Mobile/15A372 Safari/604.1"
10.3.142.130 - - [30/Oct/2019:18:31:21 +0800] "GET /api/floor/26 HTTP/1.1" 304 0 "http://10.3.142.130:8088/" "Mozilla/5.0 (iPhone; CPU iPhone OS 11_0 like Mac OS X) AppleWebKit/604.1.38 (KHTML, like Gecko) Version/11.0 Mobile/15A372 Safari/604.1"
127.0.0.1 - - [30/Oct/2019:18:32:46 +0800] "POST /sockjs-node/178/w03iovfw/xhr_streaming?t=1572431478155 HTTP/1.1" 200 169730 "http://10.3.142.130:8088/cart" "Mozilla/5.0 (iPhone; CPU iPhone OS 11_0 like Mac OS X) AppleWebKit/604.1.38 (KHTML, like Gecko) Version/11.0 Mobile/15A372 Safari/604.1"
10.3.142.130 - - [30/Oct/2019:18:32:46 +0800] "GET /de88460ea2810ff3cee4.hot-update.json HTTP/1.1" 200 45 "http://10.3.142.130:8088/" "Mozilla/5.0 (iPhone; CPU iPhone OS 11_0 like Mac OS X) AppleWebKit/604.1.38 (KHTML, like Gecko) Version/11.0 Mobile/15A372 Safari/604.1"
10.3.142.130 - - [30/Oct/2019:18:32:46 +0800] "GET /app.de88460ea2810ff3cee4.hot-update.js HTTP/1.1" 200 58873 "http://10.3.142.130:8088/" "Mozilla/5.0 (iPhone; CPU iPhone OS 11_0 like Mac OS X) AppleWebKit/604.1.38 (KHTML, like Gecko) Version/11.0 Mobile/15A372 Safari/604.1"
10.3.142.130 - - [30/Oct/2019:18:33:31 +0800] "POST /type/getClassifies.sc HTTP/1.1" 200 8135 "http://10.3.142.130:8088/type" "Mozilla/5.0 (iPhone; CPU iPhone OS 11_0 like Mac OS X) AppleWebKit/604.1.38 (KHTML, like Gecko) Version/11.0 Mobile/15A372 Safari/604.1"
10.3.142.130 - - [30/Oct/2019:18:33:36 +0800] "GET /api/floor/26 HTTP/1.1" 304 0 "http://10.3.142.130:8088/" "Mozilla/5.0 (iPhone; CPU iPhone OS 11_0 like Mac OS X) AppleWebKit/604.1.38 (KHTML, like Gecko) Version/11.0 Mobile/15A372 Safari/604.1"
127.0.0.1 - - [30/Oct/2019:18:34:23 +0800] "POST /sockjs-node/178/w03iovfw/xhr_streaming?t=1572431566568 HTTP/1.1" 200 169730 "http://10.3.142.130:8088/" "Mozilla/5.0 (iPhone; CPU iPhone OS 11_0 like Mac OS X) AppleWebKit/604.1.38 (KHTML, like Gecko) Version/11.0 Mobile/15A372 Safari/604.1"
10.3.142.130 - - [30/Oct/2019:18:34:23 +0800] "GET /31fd75f3f37ef51a067c.hot-update.json HTTP/1.1" 200 45 "http://10.3.142.130:8088/" "Mozilla/5.0 (iPhone; CPU iPhone OS 11_0 like Mac OS X) AppleWebKit/604.1.38 (KHTML, like Gecko) Version/11.0 Mobile/15A372 Safari/604.1"
10.3.142.130 - - [30/Oct/2019:18:34:23 +0800] "GET /app.31fd75f3f37ef51a067c.hot-update.js HTTP/1.1" 200 58824 "http://10.3.142.130:8088/" "Mozilla/5.0 (iPhone; CPU iPhone OS 11_0 like Mac OS X) AppleWebKit/604.1.38 (KHTML, like Gecko) Version/11.0 Mobile/15A372 Safari/604.1"
10.3.142.130 - - [30/Oct/2019:18:34:24 +0800] "GET / HTTP/1.1" 200 1946 "http://10.3.142.130:8088/brand/3c7e2ff562884fc9b498dfa6f76cbbfc/1" "Mozilla/5.0 (iPhone; CPU iPhone OS 11_0 like Mac OS X) AppleWebKit/604.1.38 (KHTML, like Gecko) Version/11.0 Mobile/15A372 Safari/604.1"
127.0.0.1 - - [30/Oct/2019:18:34:24 +0800] "POST /sockjs-node/178/w03iovfw/xhr_streaming?t=1572431663106 HTTP/1.1" 200 2056 "http://10.3.142.130:8088/" "Mozilla/5.0 (iPhone; CPU iPhone OS 11_0 like Mac OS X) AppleWebKit/604.1.38 (KHTML, like Gecko) Version/11.0 Mobile/15A372 Safari/604.1"
10.3.142.130 - - [30/Oct/2019:18:34:24 +0800] "GET /js/chunk-vendors.js HTTP/1.1" 304 0 "http://10.3.142.130:8088/" "Mozilla/5.0 (iPhone; CPU iPhone OS 11_0 like Mac OS X) AppleWebKit/604.1.38 (KHTML, like Gecko) Version/11.0 Mobile/15A372 Safari/604.1"
10.3.142.130 - - [30/Oct/2019:18:34:24 +0800] "GET /js/0.js HTTP/1.1" 304 0 "http://10.3.142.130:8088/" "Mozilla/5.0 (iPhone; CPU iPhone OS 11_0 like Mac OS X) AppleWebKit/604.1.38 (KHTML, like Gecko) Version/11.0 Mobile/15A372 Safari/604.1"
10.3.142.130 - - [30/Oct/2019:18:34:24 +0800] "GET /js/1.js HTTP/1.1" 304 0 "http://10.3.142.130:8088/" "Mozilla/5.0 (iPhone; CPU iPhone OS 11_0 like Mac OS X) AppleWebKit/604.1.38 (KHTML, like Gecko) Version/11.0 Mobile/15A372 Safari/604.1"
10.3.142.130 - - [30/Oct/2019:18:34:24 +0800] "GET /js/10.js HTTP/1.1" 304 0 "http://10.3.142.130:8088/" "Mozilla/5.0 (iPhone; CPU iPhone OS 11_0 like Mac OS X) AppleWebKit/604.1.38 (KHTML, like Gecko) Version/11.0 Mobile/15A372 Safari/604.1"
10.3.142.130 - - [30/Oct/2019:18:34:24 +0800] "GET /js/2.js HTTP/1.1" 304 0 "http://10.3.142.130:8088/" "Mozilla/5.0 (iPhone; CPU iPhone OS 11_0 like Mac OS X) AppleWebKit/604.1.38 (KHTML, like Gecko) Version/11.0 Mobile/15A372 Safari/604.1"
10.3.142.130 - - [30/Oct/2019:18:34:24 +0800] "GET /js/3.js HTTP/1.1" 304 0 "http://10.3.142.130:8088/" "Mozilla/5.0 (iPhone; CPU iPhone OS 11_0 like Mac OS X) AppleWebKit/604.1.38 (KHTML, like Gecko) Version/11.0 Mobile/15A372 Safari/604.1"
10.3.142.130 - - [30/Oct/2019:18:34:24 +0800] "GET /js/4.js HTTP/1.1" 304 0 "http://10.3.142.130:8088/" "Mozilla/5.0 (iPhone; CPU iPhone OS 11_0 like Mac OS X) AppleWebKit/604.1.38 (KHTML, like Gecko) Version/11.0 Mobile/15A372 Safari/604.1"
10.3.142.130 - - [30/Oct/2019:18:34:24 +0800] "GET /js/7.js HTTP/1.1" 304 0 "http://10.3.142.130:8088/" "Mozilla/5.0 (iPhone; CPU iPhone OS 11_0 like Mac OS X) AppleWebKit/604.1.38 (KHTML, like Gecko) Version/11.0 Mobile/15A372 Safari/604.1"
10.3.142.130 - - [30/Oct/2019:18:34:24 +0800] "GET /js/5.js HTTP/1.1" 304 0 "http://10.3.142.130:8088/" "Mozilla/5.0 (iPhone; CPU iPhone OS 11_0 like Mac OS X) AppleWebKit/604.1.38 (KHTML, like Gecko) Version/11.0 Mobile/15A372 Safari/604.1"
10.3.142.130 - - [30/Oct/2019:18:34:24 +0800] "GET /js/6.js HTTP/1.1" 304 0 "http://10.3.142.130:8088/" "Mozilla/5.0 (iPhone; CPU iPhone OS 11_0 like Mac OS X) AppleWebKit/604.1.38 (KHTML, like Gecko) Version/11.0 Mobile/15A372 Safari/604.1"
10.3.142.130 - - [30/Oct/2019:18:34:24 +0800] "GET /js/8.js HTTP/1.1" 304 0 "http://10.3.142.130:8088/" "Mozilla/5.0 (iPhone; CPU iPhone OS 11_0 like Mac OS X) AppleWebKit/604.1.38 (KHTML, like Gecko) Version/11.0 Mobile/15A372 Safari/604.1"
10.3.142.130 - - [30/Oct/2019:18:34:24 +0800] "GET /js/9.js HTTP/1.1" 304 0 "http://10.3.142.130:8088/" "Mozilla/5.0 (iPhone; CPU iPhone OS 11_0 like Mac OS X) AppleWebKit/604.1.38 (KHTML, like Gecko) Version/11.0 Mobile/15A372 Safari/604.1"
10.3.142.130 - - [30/Oct/2019:18:34:24 +0800] "GET /js/app.js HTTP/1.1" 200 1978768 "http://10.3.142.130:8088/" "Mozilla/5.0 (iPhone; CPU iPhone OS 11_0 like Mac OS X) AppleWebKit/604.1.38 (KHTML, like Gecko) Version/11.0 Mobile/15A372 Safari/604.1"
10.3.142.130 - - [30/Oct/2019:18:34:25 +0800] "GET /img/icons/favicon-32x32.png HTTP/1.1" 200 1271 "http://10.3.142.130:8088/" "Mozilla/5.0 (iPhone; CPU iPhone OS 11_0 like Mac OS X) AppleWebKit/604.1.38 (KHTML, like Gecko) Version/11.0 Mobile/15A372 Safari/604.1"
127.0.0.1 - - [30/Oct/2019:18:34:25 +0800] "GET /sockjs-node/info?t=1572431665579 HTTP/1.1" 200 90 "http://10.3.142.130:8088/" "Mozilla/5.0 (iPhone; CPU iPhone OS 11_0 like Mac OS X) AppleWebKit/604.1.38 (KHTML, like Gecko) Version/11.0 Mobile/15A372 Safari/604.1"
127.0.0.1 - - [30/Oct/2019:18:34:26 +0800] "GET /sockjs-node/245/iomxadkd/websocket HTTP/1.1" 400 40 "-" "Mozilla/5.0 (iPhone; CPU iPhone OS 11_0 like Mac OS X) AppleWebKit/604.1.38 (KHTML, like Gecko) Version/11.0 Mobile/15A372 Safari/604.1"
127.0.0.1 - - [30/Oct/2019:18:34:26 +0800] "POST /sockjs-node/245/lk50bt23/xhr_streaming?t=1572431666249 HTTP/1.1" 200 169846 "http://10.3.142.130:8088/" "Mozilla/5.0 (iPhone; CPU iPhone OS 11_0 like Mac OS X) AppleWebKit/604.1.38 (KHTML, like Gecko) Version/11.0 Mobile/15A372 Safari/604.1"
10.3.142.130 - - [30/Oct/2019:18:34:27 +0800] "GET /api/floor/26 HTTP/1.1" 304 0 "http://10.3.142.130:8088/" "Mozilla/5.0 (iPhone; CPU iPhone OS 11_0 like Mac OS X) AppleWebKit/604.1.38 (KHTML, like Gecko) Version/11.0 Mobile/15A372 Safari/604.1"
127.0.0.1 - - [30/Oct/2019:18:37:13 +0800] "POST /sockjs-node/245/lk50bt23/xhr_streaming?t=1572431666275 HTTP/1.1" 200 185373 "http://10.3.142.130:8088/" "Mozilla/5.0 (iPhone; CPU iPhone OS 11_0 like Mac OS X) AppleWebKit/604.1.38 (KHTML, like Gecko) Version/11.0 Mobile/15A372 Safari/604.1"
10.3.142.130 - - [30/Oct/2019:18:37:13 +0800] "GET /5431c1e9f5862c0c5153.hot-update.json HTTP/1.1" 200 45 "http://10.3.142.130:8088/" "Mozilla/5.0 (iPhone; CPU iPhone OS 11_0 like Mac OS X) AppleWebKit/604.1.38 (KHTML, like Gecko) Version/11.0 Mobile/15A372 Safari/604.1"
10.3.142.130 - - [30/Oct/2019:18:37:13 +0800] "GET /app.5431c1e9f5862c0c5153.hot-update.js HTTP/1.1" 200 7591 "http://10.3.142.130:8088/" "Mozilla/5.0 (iPhone; CPU iPhone OS 11_0 like Mac OS X) AppleWebKit/604.1.38 (KHTML, like Gecko) Version/11.0 Mobile/15A372 Safari/604.1"
127.0.0.1 - - [30/Oct/2019:18:37:57 +0800] "POST /sockjs-node/245/lk50bt23/xhr_streaming?t=1572431833216 HTTP/1.1" 200 185362 "http://10.3.142.130:8088/" "Mozilla/5.0 (iPhone; CPU iPhone OS 11_0 like Mac OS X) AppleWebKit/604.1.38 (KHTML, like Gecko) Version/11.0 Mobile/15A372 Safari/604.1"
10.3.142.130 - - [30/Oct/2019:18:37:57 +0800] "GET /1be0cdf3ae84a8dc630d.hot-update.json HTTP/1.1" 200 45 "http://10.3.142.130:8088/" "Mozilla/5.0 (iPhone; CPU iPhone OS 11_0 like Mac OS X) AppleWebKit/604.1.38 (KHTML, like Gecko) Version/11.0 Mobile/15A372 Safari/604.1"
10.3.142.130 - - [30/Oct/2019:18:37:57 +0800] "GET /app.1be0cdf3ae84a8dc630d.hot-update.js HTTP/1.1" 200 7592 "http://10.3.142.130:8088/" "Mozilla/5.0 (iPhone; CPU iPhone OS 11_0 like Mac OS X) AppleWebKit/604.1.38 (KHTML, like Gecko) Version/11.0 Mobile/15A372 Safari/604.1"
127.0.0.1 - - [30/Oct/2019:18:38:12 +0800] "POST /sockjs-node/245/lk50bt23/xhr_streaming?t=1572431877080 HTTP/1.1" 200 185007 "http://10.3.142.130:8088/" "Mozilla/5.0 (iPhone; CPU iPhone OS 11_0 like Mac OS X) AppleWebKit/604.1.38 (KHTML, like Gecko) Version/11.0 Mobile/15A372 Safari/604.1"
10.3.142.130 - - [30/Oct/2019:18:38:12 +0800] "GET /4a0dd44f3b2b9b9a2a69.hot-update.json HTTP/1.1" 200 45 "http://10.3.142.130:8088/" "Mozilla/5.0 (iPhone; CPU iPhone OS 11_0 like Mac OS X) AppleWebKit/604.1.38 (KHTML, like Gecko) Version/11.0 Mobile/15A372 Safari/604.1"
10.3.142.130 - - [30/Oct/2019:18:38:12 +0800] "GET /app.4a0dd44f3b2b9b9a2a69.hot-update.js HTTP/1.1" 200 7542 "http://10.3.142.130:8088/" "Mozilla/5.0 (iPhone; CPU iPhone OS 11_0 like Mac OS X) AppleWebKit/604.1.38 (KHTML, like Gecko) Version/11.0 Mobile/15A372 Safari/604.1"
10.3.142.130 - - [30/Oct/2019:18:39:13 +0800] "POST /type/getClassifies.sc HTTP/1.1" 200 8135 "http://10.3.142.130:8088/type" "Mozilla/5.0 (iPhone; CPU iPhone OS 11_0 like Mac OS X) AppleWebKit/604.1.38 (KHTML, like Gecko) Version/11.0 Mobile/15A372 Safari/604.1"
10.3.142.130 - - [30/Oct/2019:18:39:18 +0800] "GET /api/brand/d0ee8c391d6c42a8a9e2febd70b49088/1 HTTP/1.1" 304 0 "http://10.3.142.130:8088/brand/d0ee8c391d6c42a8a9e2febd70b49088/1" "Mozilla/5.0 (iPhone; CPU iPhone OS 11_0 like Mac OS X) AppleWebKit/604.1.38 (KHTML, like Gecko) Version/11.0 Mobile/15A372 Safari/604.1"
10.3.142.130 - - [30/Oct/2019:18:39:23 +0800] "POST /type/getClassifies.sc HTTP/1.1" 200 8135 "http://10.3.142.130:8088/type" "Mozilla/5.0 (iPhone; CPU iPhone OS 11_0 like Mac OS X) AppleWebKit/604.1.38 (KHTML, like Gecko) Version/11.0 Mobile/15A372 Safari/604.1"
10.3.142.130 - - [30/Oct/2019:18:39:26 +0800] "GET /api/floor/26 HTTP/1.1" 304 0 "http://10.3.142.130:8088/" "Mozilla/5.0 (iPhone; CPU iPhone OS 11_0 like Mac OS X) AppleWebKit/604.1.38 (KHTML, like Gecko) Version/11.0 Mobile/15A372 Safari/604.1"
127.0.0.1 - - [30/Oct/2019:18:44:39 +0800] "POST /sockjs-node/245/lk50bt23/xhr_streaming?t=1572431892185 HTTP/1.1" 200 185112 "http://10.3.142.130:8088/" "Mozilla/5.0 (iPhone; CPU iPhone OS 11_0 like Mac OS X) AppleWebKit/604.1.38 (KHTML, like Gecko) Version/11.0 Mobile/15A372 Safari/604.1"
10.3.142.130 - - [30/Oct/2019:18:44:39 +0800] "GET /5c504a029d240b47504e.hot-update.json HTTP/1.1" 200 45 "http://10.3.142.130:8088/" "Mozilla/5.0 (iPhone; CPU iPhone OS 11_0 like Mac OS X) AppleWebKit/604.1.38 (KHTML, like Gecko) Version/11.0 Mobile/15A372 Safari/604.1"
10.3.142.130 - - [30/Oct/2019:18:44:39 +0800] "GET /app.5c504a029d240b47504e.hot-update.js HTTP/1.1" 200 105223 "http://10.3.142.130:8088/" "Mozilla/5.0 (iPhone; CPU iPhone OS 11_0 like Mac OS X) AppleWebKit/604.1.38 (KHTML, like Gecko) Version/11.0 Mobile/15A372 Safari/604.1"
10.3.142.130 - - [30/Oct/2019:18:45:14 +0800] "GET / HTTP/1.1" 304 0 "http://10.3.142.130:8088/brand/3c7e2ff562884fc9b498dfa6f76cbbfc/1" "Mozilla/5.0 (iPhone; CPU iPhone OS 11_0 like Mac OS X) AppleWebKit/604.1.38 (KHTML, like Gecko) Version/11.0 Mobile/15A372 Safari/604.1"
127.0.0.1 - - [30/Oct/2019:18:45:14 +0800] "POST /sockjs-node/245/lk50bt23/xhr_streaming?t=1572432279220 HTTP/1.1" 200 2063 "http://10.3.142.130:8088/" "Mozilla/5.0 (iPhone; CPU iPhone OS 11_0 like Mac OS X) AppleWebKit/604.1.38 (KHTML, like Gecko) Version/11.0 Mobile/15A372 Safari/604.1"
10.3.142.130 - - [30/Oct/2019:18:45:14 +0800] "GET /js/chunk-vendors.js HTTP/1.1" 304 0 "http://10.3.142.130:8088/" "Mozilla/5.0 (iPhone; CPU iPhone OS 11_0 like Mac OS X) AppleWebKit/604.1.38 (KHTML, like Gecko) Version/11.0 Mobile/15A372 Safari/604.1"
10.3.142.130 - - [30/Oct/2019:18:45:14 +0800] "GET /js/0.js HTTP/1.1" 304 0 "http://10.3.142.130:8088/" "Mozilla/5.0 (iPhone; CPU iPhone OS 11_0 like Mac OS X) AppleWebKit/604.1.38 (KHTML, like Gecko) Version/11.0 Mobile/15A372 Safari/604.1"
10.3.142.130 - - [30/Oct/2019:18:45:14 +0800] "GET /js/10.js HTTP/1.1" 304 0 "http://10.3.142.130:8088/" "Mozilla/5.0 (iPhone; CPU iPhone OS 11_0 like Mac OS X) AppleWebKit/604.1.38 (KHTML, like Gecko) Version/11.0 Mobile/15A372 Safari/604.1"
10.3.142.130 - - [30/Oct/2019:18:45:14 +0800] "GET /js/1.js HTTP/1.1" 304 0 "http://10.3.142.130:8088/" "Mozilla/5.0 (iPhone; CPU iPhone OS 11_0 like Mac OS X) AppleWebKit/604.1.38 (KHTML, like Gecko) Version/11.0 Mobile/15A372 Safari/604.1"
10.3.142.130 - - [30/Oct/2019:18:45:14 +0800] "GET /js/3.js HTTP/1.1" 304 0 "http://10.3.142.130:8088/" "Mozilla/5.0 (iPhone; CPU iPhone OS 11_0 like Mac OS X) AppleWebKit/604.1.38 (KHTML, like Gecko) Version/11.0 Mobile/15A372 Safari/604.1"
10.3.142.130 - - [30/Oct/2019:18:45:14 +0800] "GET /js/2.js HTTP/1.1" 304 0 "http://10.3.142.130:8088/" "Mozilla/5.0 (iPhone; CPU iPhone OS 11_0 like Mac OS X) AppleWebKit/604.1.38 (KHTML, like Gecko) Version/11.0 Mobile/15A372 Safari/604.1"
10.3.142.130 - - [30/Oct/2019:18:45:14 +0800] "GET /js/4.js HTTP/1.1" 304 0 "http://10.3.142.130:8088/" "Mozilla/5.0 (iPhone; CPU iPhone OS 11_0 like Mac OS X) AppleWebKit/604.1.38 (KHTML, like Gecko) Version/11.0 Mobile/15A372 Safari/604.1"
10.3.142.130 - - [30/Oct/2019:18:45:15 +0800] "GET /js/5.js HTTP/1.1" 304 0 "http://10.3.142.130:8088/" "Mozilla/5.0 (iPhone; CPU iPhone OS 11_0 like Mac OS X) AppleWebKit/604.1.38 (KHTML, like Gecko) Version/11.0 Mobile/15A372 Safari/604.1"
10.3.142.130 - - [30/Oct/2019:18:45:15 +0800] "GET /js/6.js HTTP/1.1" 304 0 "http://10.3.142.130:8088/" "Mozilla/5.0 (iPhone; CPU iPhone OS 11_0 like Mac OS X) AppleWebKit/604.1.38 (KHTML, like Gecko) Version/11.0 Mobile/15A372 Safari/604.1"
10.3.142.130 - - [30/Oct/2019:18:45:15 +0800] "GET /js/8.js HTTP/1.1" 304 0 "http://10.3.142.130:8088/" "Mozilla/5.0 (iPhone; CPU iPhone OS 11_0 like Mac OS X) AppleWebKit/604.1.38 (KHTML, like Gecko) Version/11.0 Mobile/15A372 Safari/604.1"
10.3.142.130 - - [30/Oct/2019:18:45:15 +0800] "GET /js/9.js HTTP/1.1" 304 0 "http://10.3.142.130:8088/" "Mozilla/5.0 (iPhone; CPU iPhone OS 11_0 like Mac OS X) AppleWebKit/604.1.38 (KHTML, like Gecko) Version/11.0 Mobile/15A372 Safari/604.1"
10.3.142.130 - - [30/Oct/2019:18:45:15 +0800] "GET /js/7.js HTTP/1.1" 304 0 "http://10.3.142.130:8088/" "Mozilla/5.0 (iPhone; CPU iPhone OS 11_0 like Mac OS X) AppleWebKit/604.1.38 (KHTML, like Gecko) Version/11.0 Mobile/15A372 Safari/604.1"
10.3.142.130 - - [30/Oct/2019:18:45:15 +0800] "GET /js/app.js HTTP/1.1" 200 1978782 "http://10.3.142.130:8088/" "Mozilla/5.0 (iPhone; CPU iPhone OS 11_0 like Mac OS X) AppleWebKit/604.1.38 (KHTML, like Gecko) Version/11.0 Mobile/15A372 Safari/604.1"
10.3.142.130 - - [30/Oct/2019:18:45:15 +0800] "GET /img/icons/favicon-32x32.png HTTP/1.1" 200 1271 "http://10.3.142.130:8088/" "Mozilla/5.0 (iPhone; CPU iPhone OS 11_0 like Mac OS X) AppleWebKit/604.1.38 (KHTML, like Gecko) Version/11.0 Mobile/15A372 Safari/604.1"
127.0.0.1 - - [30/Oct/2019:18:45:16 +0800] "GET /sockjs-node/info?t=1572432315826 HTTP/1.1" 200 90 "http://10.3.142.130:8088/" "Mozilla/5.0 (iPhone; CPU iPhone OS 11_0 like Mac OS X) AppleWebKit/604.1.38 (KHTML, like Gecko) Version/11.0 Mobile/15A372 Safari/604.1"
127.0.0.1 - - [30/Oct/2019:18:45:16 +0800] "GET /sockjs-node/987/c0uu4ztl/websocket HTTP/1.1" 400 40 "-" "Mozilla/5.0 (iPhone; CPU iPhone OS 11_0 like Mac OS X) AppleWebKit/604.1.38 (KHTML, like Gecko) Version/11.0 Mobile/15A372 Safari/604.1"
127.0.0.1 - - [30/Oct/2019:18:45:16 +0800] "POST /sockjs-node/987/fsqqddza/xhr_streaming?t=1572432316530 HTTP/1.1" 200 185113 "http://10.3.142.130:8088/" "Mozilla/5.0 (iPhone; CPU iPhone OS 11_0 like Mac OS X) AppleWebKit/604.1.38 (KHTML, like Gecko) Version/11.0 Mobile/15A372 Safari/604.1"
10.3.142.130 - - [30/Oct/2019:18:45:17 +0800] "GET /api/floor/26 HTTP/1.1" 304 0 "http://10.3.142.130:8088/" "Mozilla/5.0 (iPhone; CPU iPhone OS 11_0 like Mac OS X) AppleWebKit/604.1.38 (KHTML, like Gecko) Version/11.0 Mobile/15A372 Safari/604.1"
127.0.0.1 - - [30/Oct/2019:18:49:31 +0800] "POST /sockjs-node/987/fsqqddza/xhr_streaming?t=1572432316596 HTTP/1.1" 200 185055 "http://10.3.142.130:8088/" "Mozilla/5.0 (iPhone; CPU iPhone OS 11_0 like Mac OS X) AppleWebKit/604.1.38 (KHTML, like Gecko) Version/11.0 Mobile/15A372 Safari/604.1"
10.3.142.130 - - [30/Oct/2019:18:49:31 +0800] "GET /a7169bd2600c3ca0a364.hot-update.json HTTP/1.1" 200 45 "http://10.3.142.130:8088/" "Mozilla/5.0 (iPhone; CPU iPhone OS 11_0 like Mac OS X) AppleWebKit/604.1.38 (KHTML, like Gecko) Version/11.0 Mobile/15A372 Safari/604.1"
10.3.142.130 - - [30/Oct/2019:18:49:31 +0800] "GET /app.a7169bd2600c3ca0a364.hot-update.js HTTP/1.1" 200 58852 "http://10.3.142.130:8088/" "Mozilla/5.0 (iPhone; CPU iPhone OS 11_0 like Mac OS X) AppleWebKit/604.1.38 (KHTML, like Gecko) Version/11.0 Mobile/15A372 Safari/604.1"
127.0.0.1 - - [30/Oct/2019:18:50:00 +0800] "POST /sockjs-node/987/fsqqddza/xhr_streaming?t=1572432572017 HTTP/1.1" 200 185000 "http://10.3.142.130:8088/" "Mozilla/5.0 (iPhone; CPU iPhone OS 11_0 like Mac OS X) AppleWebKit/604.1.38 (KHTML, like Gecko) Version/11.0 Mobile/15A372 Safari/604.1"
10.3.142.130 - - [30/Oct/2019:18:50:00 +0800] "GET /939237e8a5f658b11d73.hot-update.json HTTP/1.1" 200 45 "http://10.3.142.130:8088/" "Mozilla/5.0 (iPhone; CPU iPhone OS 11_0 like Mac OS X) AppleWebKit/604.1.38 (KHTML, like Gecko) Version/11.0 Mobile/15A372 Safari/604.1"
10.3.142.130 - - [30/Oct/2019:18:50:00 +0800] "GET /app.939237e8a5f658b11d73.hot-update.js HTTP/1.1" 200 259518 "http://10.3.142.130:8088/" "Mozilla/5.0 (iPhone; CPU iPhone OS 11_0 like Mac OS X) AppleWebKit/604.1.38 (KHTML, like Gecko) Version/11.0 Mobile/15A372 Safari/604.1"
127.0.0.1 - - [30/Oct/2019:18:50:17 +0800] "POST /sockjs-node/987/fsqqddza/xhr_streaming?t=1572432601018 HTTP/1.1" 200 184993 "http://10.3.142.130:8088/" "Mozilla/5.0 (iPhone; CPU iPhone OS 11_0 like Mac OS X) AppleWebKit/604.1.38 (KHTML, like Gecko) Version/11.0 Mobile/15A372 Safari/604.1"
10.3.142.130 - - [30/Oct/2019:18:50:17 +0800] "GET /f34895f69f75052a2021.hot-update.json HTTP/1.1" 200 35 "http://10.3.142.130:8088/" "Mozilla/5.0 (iPhone; CPU iPhone OS 11_0 like Mac OS X) AppleWebKit/604.1.38 (KHTML, like Gecko) Version/11.0 Mobile/15A372 Safari/604.1"
127.0.0.1 - - [30/Oct/2019:18:50:27 +0800] "POST /sockjs-node/987/fsqqddza/xhr_streaming?t=1572432618018 HTTP/1.1" 200 185007 "http://10.3.142.130:8088/" "Mozilla/5.0 (iPhone; CPU iPhone OS 11_0 like Mac OS X) AppleWebKit/604.1.38 (KHTML, like Gecko) Version/11.0 Mobile/15A372 Safari/604.1"
10.3.142.130 - - [30/Oct/2019:18:50:27 +0800] "GET /9b92cd64daac6289ba24.hot-update.json HTTP/1.1" 200 45 "http://10.3.142.130:8088/" "Mozilla/5.0 (iPhone; CPU iPhone OS 11_0 like Mac OS X) AppleWebKit/604.1.38 (KHTML, like Gecko) Version/11.0 Mobile/15A372 Safari/604.1"
10.3.142.130 - - [30/Oct/2019:18:50:27 +0800] "GET /app.9b92cd64daac6289ba24.hot-update.js HTTP/1.1" 200 31084 "http://10.3.142.130:8088/" "Mozilla/5.0 (iPhone; CPU iPhone OS 11_0 like Mac OS X) AppleWebKit/604.1.38 (KHTML, like Gecko) Version/11.0 Mobile/15A372 Safari/604.1"
127.0.0.1 - - [30/Oct/2019:18:51:06 +0800] "POST /sockjs-node/987/fsqqddza/xhr_streaming?t=1572432628056 HTTP/1.1" 200 185006 "http://10.3.142.130:8088/" "Mozilla/5.0 (iPhone; CPU iPhone OS 11_0 like Mac OS X) AppleWebKit/604.1.38 (KHTML, like Gecko) Version/11.0 Mobile/15A372 Safari/604.1"
10.3.142.130 - - [30/Oct/2019:18:51:06 +0800] "GET /30ae4c9db2f4a6a7fc17.hot-update.json HTTP/1.1" 200 45 "http://10.3.142.130:8088/" "Mozilla/5.0 (iPhone; CPU iPhone OS 11_0 like Mac OS X) AppleWebKit/604.1.38 (KHTML, like Gecko) Version/11.0 Mobile/15A372 Safari/604.1"
10.3.142.130 - - [30/Oct/2019:18:51:06 +0800] "GET /app.30ae4c9db2f4a6a7fc17.hot-update.js HTTP/1.1" 200 169977 "http://10.3.142.130:8088/" "Mozilla/5.0 (iPhone; CPU iPhone OS 11_0 like Mac OS X) AppleWebKit/604.1.38 (KHTML, like Gecko) Version/11.0 Mobile/15A372 Safari/604.1"
10.3.142.130 - - [30/Oct/2019:18:51:08 +0800] "GET / HTTP/1.1" 304 0 "http://10.3.142.130:8088/brand/3c7e2ff562884fc9b498dfa6f76cbbfc/1" "Mozilla/5.0 (iPhone; CPU iPhone OS 11_0 like Mac OS X) AppleWebKit/604.1.38 (KHTML, like Gecko) Version/11.0 Mobile/15A372 Safari/604.1"
127.0.0.1 - - [30/Oct/2019:18:51:08 +0800] "POST /sockjs-node/987/fsqqddza/xhr_streaming?t=1572432666361 HTTP/1.1" 200 2056 "http://10.3.142.130:8088/" "Mozilla/5.0 (iPhone; CPU iPhone OS 11_0 like Mac OS X) AppleWebKit/604.1.38 (KHTML, like Gecko) Version/11.0 Mobile/15A372 Safari/604.1"
10.3.142.130 - - [30/Oct/2019:18:51:08 +0800] "GET /js/chunk-vendors.js HTTP/1.1" 304 0 "http://10.3.142.130:8088/" "Mozilla/5.0 (iPhone; CPU iPhone OS 11_0 like Mac OS X) AppleWebKit/604.1.38 (KHTML, like Gecko) Version/11.0 Mobile/15A372 Safari/604.1"
10.3.142.130 - - [30/Oct/2019:18:51:08 +0800] "GET /js/0.js HTTP/1.1" 304 0 "http://10.3.142.130:8088/" "Mozilla/5.0 (iPhone; CPU iPhone OS 11_0 like Mac OS X) AppleWebKit/604.1.38 (KHTML, like Gecko) Version/11.0 Mobile/15A372 Safari/604.1"
10.3.142.130 - - [30/Oct/2019:18:51:08 +0800] "GET /js/1.js HTTP/1.1" 304 0 "http://10.3.142.130:8088/" "Mozilla/5.0 (iPhone; CPU iPhone OS 11_0 like Mac OS X) AppleWebKit/604.1.38 (KHTML, like Gecko) Version/11.0 Mobile/15A372 Safari/604.1"
10.3.142.130 - - [30/Oct/2019:18:51:08 +0800] "GET /js/10.js HTTP/1.1" 304 0 "http://10.3.142.130:8088/" "Mozilla/5.0 (iPhone; CPU iPhone OS 11_0 like Mac OS X) AppleWebKit/604.1.38 (KHTML, like Gecko) Version/11.0 Mobile/15A372 Safari/604.1"
10.3.142.130 - - [30/Oct/2019:18:51:08 +0800] "GET /js/2.js HTTP/1.1" 304 0 "http://10.3.142.130:8088/" "Mozilla/5.0 (iPhone; CPU iPhone OS 11_0 like Mac OS X) AppleWebKit/604.1.38 (KHTML, like Gecko) Version/11.0 Mobile/15A372 Safari/604.1"
